// Jest Snapshot v1, https://goo.gl/fbAQLP

exports[`AddProperty renders correctly 1`] = `
<DocumentFragment>
  <div
    class="add-property"
  >
    <form
      class="add-property__form"
    >
      <div
        class="add-property__form-item"
      >
        <label
          for="title"
        >
          <span>
            Title: 
          </span>
          <input
            class="add-property__free-text"
            id="title"
            name="title"
            placeholder="Flat available"
            type="text"
            value=""
          />
        </label>
      </div>
      <div
        class="add-property__form-item"
      >
        <label
          for="type"
        >
          <span>
            Type: 
          </span>
          <select
            class="add-property__dropdown"
            id="type"
            name="type"
          >
            <option
              value="Flat"
            >
              Flat
            </option>
            <option
              value="Detached"
            >
              Detached
            </option>
            <option
              value="Semi-Detached"
            >
              Semi-Detached
            </option>
            <option
              value="Terraced"
            >
              Terraced
            </option>
            <option
              value="End of Terrace"
            >
              End of Terrace
            </option>
            <option
              value="Cottage"
            >
              Cottage
            </option>
            <option
              value="Bungalow"
            >
              Bungalow
            </option>
          </select>
        </label>
      </div>
      <div
        class="add-property__form-item"
      >
        <label
          for="bedrooms"
        >
          <span>
            Bedrooms: 
          </span>
          <input
            class="add-property__number"
            id="bedrooms"
            name="bedrooms"
            type="number"
            value="1"
          />
        </label>
      </div>
      <div
        class="add-property__form-item"
      >
        <label
          for="bathrooms"
        >
          <span>
            Bathrooms: 
          </span>
          <input
            class="add-property__number"
            id="bathrooms"
            name="bathrooms"
            type="number"
            value="1"
          />
        </label>
      </div>
      <div
        class="add-property__form-item"
      >
        <label
          for="price"
        >
          <span>
            Price: Â£ 
          </span>
          <input
            class="add-property__price"
            id="price"
            name="price"
            type="number"
            value="0"
          />
        </label>
      </div>
      <div
        class="add-property__form-item"
      >
        <label
          for="city"
        >
          <span>
            City: 
          </span>
          <select
            class="add-property__dropdown"
            id="city"
            name="city"
          >
            <option
              value="Manchester"
            >
              Manchester
            </option>
            <option
              value="Leeds"
            >
              Leeds
            </option>
            <option
              value="Sheffield"
            >
              Sheffield
            </option>
            <option
              value="Liverpool"
            >
              Liverpool
            </option>
          </select>
        </label>
      </div>
      <div
        class="add-property__form-item"
      >
        <label
          for="email"
        >
          <span>
            Email: 
          </span>
          <input
            class="add-property__free-text"
            id="email"
            name="email"
            placeholder="jane.doe@email.co.uk"
            type="email"
            value=""
          />
        </label>
      </div>
      <button
        class="add-property__button"
        type="submit"
      >
        Add
      </button>
    </form>
  </div>
</DocumentFragment>
`;
