// Jest Snapshot v1, https://goo.gl/fbAQLP

exports[`App renders correctly 1`] = `
<DocumentFragment>
  <div
    class="App"
  >
    <div
      class="navbar"
    >
      <img
        alt="Surreal Estate logo"
        class="navbar-logo"
        src="logo.png"
      />
      <h2
        class="navbar-title"
      >
        Surreal Estate
      </h2>
      <div
        class="navbar-container"
      >
        <ul
          class="navbar-links"
        >
          <li>
            <a
              class="navbar-links-item"
              href="/"
            >
              <svg
                aria-hidden="true"
                class="svg-inline--fa fa-house navbar-icon"
                data-icon="house"
                data-prefix="fas"
                focusable="false"
                role="img"
                viewBox="0 0 576 512"
                xmlns="http://www.w3.org/2000/svg"
              >
                <path
                  d="M575.8 255.5c0 18-15 32.1-32 32.1h-32l.7 160.2c0 2.7-.2 5.4-.5 8.1V472c0 22.1-17.9 40-40 40H456c-1.1 0-2.2 0-3.3-.1c-1.4 .1-2.8 .1-4.2 .1H416 392c-22.1 0-40-17.9-40-40V448 384c0-17.7-14.3-32-32-32H256c-17.7 0-32 14.3-32 32v64 24c0 22.1-17.9 40-40 40H160 128.1c-1.5 0-3-.1-4.5-.2c-1.2 .1-2.4 .2-3.6 .2H104c-22.1 0-40-17.9-40-40V360c0-.9 0-1.9 .1-2.8V287.6H32c-18 0-32-14-32-32.1c0-9 3-17 10-24L266.4 8c7-7 15-8 22-8s15 2 21 7L564.8 231.5c8 7 12 15 11 24z"
                  fill="currentColor"
                />
              </svg>
              <span
                class="navbar-text"
              >
                View Properties
              </span>
            </a>
          </li>
          <li>
            <a
              class="navbar-links-item"
              href="/sign-up"
            >
              <svg
                aria-hidden="true"
                class="svg-inline--fa fa-user-plus navbar-icon"
                data-icon="user-plus"
                data-prefix="fas"
                focusable="false"
                role="img"
                viewBox="0 0 640 512"
                xmlns="http://www.w3.org/2000/svg"
              >
                <path
                  d="M96 128a128 128 0 1 1 256 0A128 128 0 1 1 96 128zM0 482.3C0 383.8 79.8 304 178.3 304h91.4C368.2 304 448 383.8 448 482.3c0 16.4-13.3 29.7-29.7 29.7H29.7C13.3 512 0 498.7 0 482.3zM504 312V248H440c-13.3 0-24-10.7-24-24s10.7-24 24-24h64V136c0-13.3 10.7-24 24-24s24 10.7 24 24v64h64c13.3 0 24 10.7 24 24s-10.7 24-24 24H552v64c0 13.3-10.7 24-24 24s-24-10.7-24-24z"
                  fill="currentColor"
                />
              </svg>
              <span
                class="navbar-text"
              >
                Sign Up
              </span>
            </a>
          </li>
          <li>
            <a
              class="navbar-links-item"
              href="/sign-in"
            >
              <svg
                aria-hidden="true"
                class="svg-inline--fa fa-right-to-bracket navbar-icon"
                data-icon="right-to-bracket"
                data-prefix="fas"
                focusable="false"
                role="img"
                viewBox="0 0 512 512"
                xmlns="http://www.w3.org/2000/svg"
              >
                <path
                  d="M217.9 105.9L340.7 228.7c7.2 7.2 11.3 17.1 11.3 27.3s-4.1 20.1-11.3 27.3L217.9 406.1c-6.4 6.4-15 9.9-24 9.9c-18.7 0-33.9-15.2-33.9-33.9l0-62.1L32 320c-17.7 0-32-14.3-32-32l0-64c0-17.7 14.3-32 32-32l128 0 0-62.1c0-18.7 15.2-33.9 33.9-33.9c9 0 17.6 3.6 24 9.9zM352 416l64 0c17.7 0 32-14.3 32-32l0-256c0-17.7-14.3-32-32-32l-64 0c-17.7 0-32-14.3-32-32s14.3-32 32-32l64 0c53 0 96 43 96 96l0 256c0 53-43 96-96 96l-64 0c-17.7 0-32-14.3-32-32s14.3-32 32-32z"
                  fill="currentColor"
                />
              </svg>
              <span
                class="navbar-text"
              >
                Sign In
              </span>
            </a>
          </li>
        </ul>
      </div>
      <div
        class="navbar__alert"
      />
    </div>
    <div
      class="properties"
    >
      <div
        class="sidebar"
      >
        <form
          class="sidebar-form"
        >
          <label
            for="query"
          >
            <span
              class="sidebar-text"
            >
              Search by title:
            </span>
            <input
              class="sidebar-search"
              id="query"
              placeholder="flat"
              type="search"
              value=""
            />
          </label>
          <button
            class="sidebar-button"
            type="submit"
          >
            <svg
              aria-hidden="true"
              class="svg-inline--fa fa-magnifying-glass "
              data-icon="magnifying-glass"
              data-prefix="fas"
              focusable="false"
              role="img"
              viewBox="0 0 512 512"
              xmlns="http://www.w3.org/2000/svg"
            >
              <path
                d="M416 208c0 45.9-14.9 88.3-40 122.7L502.6 457.4c12.5 12.5 12.5 32.8 0 45.3s-32.8 12.5-45.3 0L330.7 376c-34.4 25.2-76.8 40-122.7 40C93.1 416 0 322.9 0 208S93.1 0 208 0S416 93.1 416 208zM208 352a144 144 0 1 0 0-288 144 144 0 1 0 0 288z"
                fill="currentColor"
              />
            </svg>
          </button>
        </form>
        <div
          class="sidebar-container"
        >
          <div
            class="sidebar-filter"
          >
            <p
              class="sidebar-text"
            >
              Filter by city:
            </p>
            <ul
              class="sidebar-links"
            >
              <a
                class="sidebar-links-item"
                href="/?query={\\"city\\":\\"Manchester\\"}"
              >
                Manchester
              </a>
              <a
                class="sidebar-links-item"
                href="/?query={\\"city\\":\\"Leeds\\"}"
              >
                Leeds
              </a>
              <a
                class="sidebar-links-item"
                href="/?query={\\"city\\":\\"Sheffield\\"}"
              >
                Sheffield
              </a>
              <a
                class="sidebar-links-item"
                href="/?query={\\"city\\":\\"Liverpool\\"}"
              >
                Liverpool
              </a>
            </ul>
          </div>
          <div
            class="sidebar-sort"
          >
            <p
              class="sidebar-text"
            >
              Sort by price:
            </p>
            <ul
              class="sidebar-links"
            >
              <a
                class="sidebar-links-item"
                href="/?sort={\\"price\\":1}"
              >
                Ascending
              </a>
              <a
                class="sidebar-links-item"
                href="/?sort={\\"price\\":-1}"
              >
                Descending
              </a>
            </ul>
          </div>
        </div>
      </div>
      <div
        class="properties__cards"
      />
      <div
        class="properties__alert"
      />
    </div>
  </div>
</DocumentFragment>
`;
