// Jest Snapshot v1, https://goo.gl/fbAQLP

exports[`Properties renders correctly 1`] = `
<DocumentFragment>
  <div
    class="properties"
  >
    <div
      class="sidebar"
    >
      <form
        class="sidebar-form"
      >
        <label
          for="query"
        >
          <span
            class="sidebar-text"
          >
            Search by title:
          </span>
          <input
            class="sidebar-search"
            id="query"
            placeholder="flat"
            type="search"
            value=""
          />
        </label>
        <button
          class="sidebar-button"
          type="submit"
        >
          <svg
            aria-hidden="true"
            class="svg-inline--fa fa-magnifying-glass "
            data-icon="magnifying-glass"
            data-prefix="fas"
            focusable="false"
            role="img"
            viewBox="0 0 512 512"
            xmlns="http://www.w3.org/2000/svg"
          >
            <path
              d="M416 208c0 45.9-14.9 88.3-40 122.7L502.6 457.4c12.5 12.5 12.5 32.8 0 45.3s-32.8 12.5-45.3 0L330.7 376c-34.4 25.2-76.8 40-122.7 40C93.1 416 0 322.9 0 208S93.1 0 208 0S416 93.1 416 208zM208 352a144 144 0 1 0 0-288 144 144 0 1 0 0 288z"
              fill="currentColor"
            />
          </svg>
        </button>
      </form>
      <div
        class="sidebar-container"
      >
        <div
          class="sidebar-filter"
        >
          <p
            class="sidebar-text"
          >
            Filter by city:
          </p>
          <ul
            class="sidebar-links"
          >
            <a
              class="sidebar-links-item"
              href="/?query={\\"city\\":\\"Manchester\\"}"
            >
              Manchester
            </a>
            <a
              class="sidebar-links-item"
              href="/?query={\\"city\\":\\"Leeds\\"}"
            >
              Leeds
            </a>
            <a
              class="sidebar-links-item"
              href="/?query={\\"city\\":\\"Sheffield\\"}"
            >
              Sheffield
            </a>
            <a
              class="sidebar-links-item"
              href="/?query={\\"city\\":\\"Liverpool\\"}"
            >
              Liverpool
            </a>
          </ul>
        </div>
        <div
          class="sidebar-sort"
        >
          <p
            class="sidebar-text"
          >
            Sort by price:
          </p>
          <ul
            class="sidebar-links"
          >
            <a
              class="sidebar-links-item"
              href="/?sort={\\"price\\":1}"
            >
              Ascending
            </a>
            <a
              class="sidebar-links-item"
              href="/?sort={\\"price\\":-1}"
            >
              Descending
            </a>
          </ul>
        </div>
      </div>
    </div>
    <div
      class="properties__cards"
    />
    <div
      class="properties__alert"
    />
  </div>
</DocumentFragment>
`;
